#-----------------------------------------------------------
# Vivado v2018.2 (64-bit)
# SW Build 2258646 on Thu Jun 14 20:03:12 MDT 2018
# IP Build 2256618 on Thu Jun 14 22:10:49 MDT 2018
# Start of session at: Wed Nov 28 00:24:07 2018
# Process ID: 26872
# Current directory: C:/Users/bcurt/Documents/GitHub/32Bit_MIPS_Processor/project_2
# Command line: vivado.exe -gui_launcher_event rodinguilauncherevent46816 C:\Users\bcurt\Documents\GitHub\32Bit_MIPS_Processor\project_2\project_2.xpr
# Log file: C:/Users/bcurt/Documents/GitHub/32Bit_MIPS_Processor/project_2/vivado.log
# Journal file: C:/Users/bcurt/Documents/GitHub/32Bit_MIPS_Processor/project_2\vivado.jou
#-----------------------------------------------------------
start_gui
open_project C:/Users/bcurt/Documents/GitHub/32Bit_MIPS_Processor/project_2/project_2.xpr
update_compile_order -fileset sources_1
launch_simulation
source Top_tb.tcl
restart
run 600 ns
run 600 ns
run 600 ns
run 600 ns
run 600 ns
run 600 ns
run 600 ns
run 600 ns
run 600 ns
run 600 ns
run 600 ns
run 600 ns
run 600 ns
run 600 ns
run 600 ns
run 600 ns
run 600 ns
run 600 ns
run 600 ns
run 600 ns
run 600 ns
run 600 ns
run 600 ns
restart
run 12500 ns
run 600 ns
run 100 ns
run 100 ns
run 100 ns
run 100 ns
run 100 ns
run 100 ns
restart
run 13200 ns
close_sim
launch_simulation
source Top_tb.tcl
restart
run 13200 ns
run 100 ns
run 100 ns
run 100 ns
run 100 ns
run 100 ns
close_sim
launch_simulation
source Top_tb.tcl
restart
run 13200 ns
restart
run 13200 ns
restart
run 13200 ns
close_sim
launch_simulation
source Top_tb.tcl
restart
run 13200 ns
close_sim
launch_simulation
source Top_tb.tcl
restart
run 13200 ns
restart
run 13200 ns
close_sim
launch_simulation
source Top_tb.tcl
restart
run 13200 ns
run 600 ns
run 600 ns
run 600 ns
run 600 ns
run 600 ns
run 600 ns
close_sim
launch_simulation
source Top_tb.tcl
restart
run 13200 ns
run 600 ns
run 600 ns
run 600 ns
run 600 ns
run 600 ns
run 600 ns
run 600 ns
run 600 ns
run 600 ns
run 600 ns
run 600 ns
run 600 ns
run 600 ns
run 600 ns
restart
run 18600 ns
run 600 ns
run 600 ns
run 600 ns
run 600 ns
run 600 ns
close_sim
launch_simulation
source Top_tb.tcl
run 21600 ns
restart
restart
run 21600 ns
run 600 ns
run 600 ns
run 600 ns
run 600 ns
run 600 ns
run 600 ns
run 600 ns
restart
run 25800 ns
close_sim
launch_simulation
source Top_tb.tcl
restart
run 25800 ns
run 100 ns
run 100 ns
run 100 ns
run 100 ns
run 100 ns
run 100 ns
update_compile_order -fileset sources_1
update_compile_order -fileset sources_1
close_sim
launch_simulation
source Top_tb.tcl
restart
run 25800 ns
restart
run 25800 ns
close_sim
launch_simulation
source Top_tb.tcl
restart
run 25800 ns
restart
close_sim
launch_simulation
source Top_tb.tcl
restart
run 25800 ns
restart
run 25800 ns
run 600 ns
run 600 ns
restart
run 26600 ns
close_sim
launch_simulation
source Top_tb.tcl
restart
run 26600 ns
close_sim
launch_simulation
source Top_tb.tcl
restart
run 26600 ns
restart
run 26600 ns
close_sim
launch_simulation
source Top_tb.tcl
restart
run 26600 ns
close_sim
launch_simulation
source Top_tb.tcl
run 26600 ns
close_sim
launch_simulation
source Top_tb.tcl
restart
run 26600 ns
run 100 ns
run 100 ns
run 100 ns
restart
run 26900 ns
update_compile_order -fileset sources_1
update_compile_order -fileset sources_1
close_sim
update_compile_order -fileset sources_1
update_compile_order -fileset sources_1
update_compile_order -fileset sources_1
close [ open C:/Users/bcurt/Documents/GitHub/32Bit_MIPS_Processor/project_2/project_2.srcs/sources_1/new/TopModuleSC.v w ]
add_files C:/Users/bcurt/Documents/GitHub/32Bit_MIPS_Processor/project_2/project_2.srcs/sources_1/new/TopModuleSC.v
update_compile_order -fileset sources_1
export_ip_user_files -of_objects  [get_files C:/Users/bcurt/Documents/GitHub/32Bit_MIPS_Processor/project_2/project_2.srcs/sources_1/new/IdExReg.v] -no_script -reset -force -quiet
remove_files  C:/Users/bcurt/Documents/GitHub/32Bit_MIPS_Processor/project_2/project_2.srcs/sources_1/new/IdExReg.v
export_ip_user_files -of_objects  [get_files C:/Users/bcurt/Documents/GitHub/32Bit_MIPS_Processor/project_2/project_2.srcs/sources_1/new/Execute.v] -no_script -reset -force -quiet
remove_files  C:/Users/bcurt/Documents/GitHub/32Bit_MIPS_Processor/project_2/project_2.srcs/sources_1/new/Execute.v
# Disabling source management mode.  This is to allow the top design properties to be set without GUI intervention.
set_property source_mgmt_mode None [current_project]
set_property top TopModuleSC [current_fileset]
# Re-enabling previously disabled source management mode.
set_property source_mgmt_mode All [current_project]
update_compile_order -fileset sources_1
launch_simulation
source Top_tb.tcl
restart
run 26900 ns
close_sim
launch_simulation
source Top_tb.tcl
restart
run 26900 ns
restart
run 26900 ns
close_sim
launch_simulation
source Top_tb.tcl
restart
run 26900 ns
restart
run 26900 ns
run 100 ns
run 100 ns
run 100 ns
run 100 ns
run 100 ns
run 100 ns
run 100 ns
run 100 ns
run 100 ns
run 100 ns
run 100 ns
run 100 ns
run 100 ns
run 100 ns
run 100 ns
run 100 ns
run 100 ns
run 100 ns
run 100 ns
run 100 ns
run 100 ns
run 100 ns
run 100 ns
run 100 ns
run 100 ns
restart
run 29400 ns
close_sim
launch_simulation
source Top_tb.tcl
restart
run 29400 ns
restart
run 29400 ns
close_sim
launch_simulation
source Top_tb.tcl
restart
run 29400 ns
close_sim
launch_simulation
source Top_tb.tcl
run 29400 ns
restart
run 29400 ns
restart
run 29400 ns
restart
run 29400 ns
run 100 ns
run 100 ns
run 100 ns
run 100 ns
run 100 ns
run 100 ns
run 100 ns
run 100 ns
run 100 ns
run 100 ns
run 100 ns
run 100 ns
run 100 ns
run 100 ns
run 100 ns
run 100 ns
run 100 ns
run 100 ns
run 100 ns
run 100 ns
run 100 ns
run 100 ns
run 100 ns
run 100 ns
run 100 ns
run 100 ns
run 100 ns
run 100 ns
run 100 ns
run 100 ns
run 100 ns
run 100 ns
run 100 ns
run 100 ns
run 100 ns
run 100 ns
run 100 ns
run 100 ns
run 100 ns
run 100 ns
run 100 ns
run 100 ns
run 100 ns
run 100 ns
run 100 ns
run 100 ns
run 100 ns
run 100 ns
run 100 ns
run 100 ns
run 100 ns
run 100 ns
run 100 ns
run 100 ns
run 100 ns
run 100 ns
run 100 ns
run 100 ns
run 100 ns
run 100 ns
run 100 ns
run 100 ns
run 100 ns
run 100 ns
run 100 ns
run 100 ns
run 100 ns
run 100 ns
run 100 ns
run 100 ns
run 100 ns
run 100 ns
run 600 ns
run 600 ns
close_sim
# Disabling source management mode.  This is to allow the top design properties to be set without GUI intervention.
set_property source_mgmt_mode None [current_project]
set_property top TopModuleV2 [current_fileset]
# Re-enabling previously disabled source management mode.
set_property source_mgmt_mode All [current_project]
update_compile_order -fileset sources_1
add_files -norecurse C:/Users/bcurt/Documents/GitHub/32Bit_MIPS_Processor/project_2/project_2.srcs/sources_1/new/InstructionMemoryV2.v
update_compile_order -fileset sources_1
launch_runs impl_1 -jobs 2
wait_on_run impl_1
reset_run synth_1
launch_runs synth_1 -jobs 2
wait_on_run synth_1
launch_runs impl_1 -jobs 2
wait_on_run impl_1
reset_run synth_1
launch_runs synth_1 -jobs 2
wait_on_run synth_1
