#-----------------------------------------------------------
# Vivado v2018.2 (64-bit)
# SW Build 2258646 on Thu Jun 14 20:03:12 MDT 2018
# IP Build 2256618 on Thu Jun 14 22:10:49 MDT 2018
# Start of session at: Wed Nov 28 00:24:07 2018
# Process ID: 26872
# Current directory: C:/Users/bcurt/Documents/GitHub/32Bit_MIPS_Processor/project_2
# Command line: vivado.exe -gui_launcher_event rodinguilauncherevent46816 C:\Users\bcurt\Documents\GitHub\32Bit_MIPS_Processor\project_2\project_2.xpr
# Log file: C:/Users/bcurt/Documents/GitHub/32Bit_MIPS_Processor/project_2/vivado.log
# Journal file: C:/Users/bcurt/Documents/GitHub/32Bit_MIPS_Processor/project_2\vivado.jou
#-----------------------------------------------------------
start_gui
open_project C:/Users/bcurt/Documents/GitHub/32Bit_MIPS_Processor/project_2/project_2.xpr
update_compile_order -fileset sources_1
launch_simulation
source Top_tb.tcl
restart
run 600 ns
run 600 ns
run 600 ns
run 600 ns
run 600 ns
run 600 ns
run 600 ns
run 600 ns
run 600 ns
run 600 ns
run 600 ns
run 600 ns
run 600 ns
run 600 ns
run 600 ns
run 600 ns
run 600 ns
run 600 ns
run 600 ns
run 600 ns
run 600 ns
run 600 ns
run 600 ns
restart
run 12500 ns
run 600 ns
run 100 ns
run 100 ns
run 100 ns
run 100 ns
run 100 ns
run 100 ns
restart
run 13200 ns
close_sim
launch_simulation
source Top_tb.tcl
restart
run 13200 ns
run 100 ns
run 100 ns
run 100 ns
run 100 ns
run 100 ns
close_sim
launch_simulation
source Top_tb.tcl
restart
run 13200 ns
restart
run 13200 ns
restart
run 13200 ns
close_sim
launch_simulation
source Top_tb.tcl
restart
run 13200 ns
close_sim
launch_simulation
source Top_tb.tcl
restart
run 13200 ns
restart
run 13200 ns
close_sim
launch_simulation
source Top_tb.tcl
restart
run 13200 ns
run 600 ns
run 600 ns
run 600 ns
run 600 ns
run 600 ns
run 600 ns
close_sim
launch_simulation
source Top_tb.tcl
restart
run 13200 ns
run 600 ns
run 600 ns
run 600 ns
run 600 ns
run 600 ns
run 600 ns
run 600 ns
run 600 ns
run 600 ns
run 600 ns
run 600 ns
run 600 ns
run 600 ns
run 600 ns
restart
run 18600 ns
run 600 ns
run 600 ns
run 600 ns
run 600 ns
run 600 ns
close_sim
launch_simulation
source Top_tb.tcl
run 21600 ns
restart
restart
run 21600 ns
run 600 ns
run 600 ns
run 600 ns
run 600 ns
run 600 ns
run 600 ns
run 600 ns
restart
run 25800 ns
close_sim
launch_simulation
source Top_tb.tcl
restart
run 25800 ns
run 100 ns
run 100 ns
run 100 ns
run 100 ns
run 100 ns
run 100 ns
update_compile_order -fileset sources_1
update_compile_order -fileset sources_1
close_sim
launch_simulation
source Top_tb.tcl
restart
run 25800 ns
restart
run 25800 ns
close_sim
launch_simulation
source Top_tb.tcl
restart
run 25800 ns
restart
close_sim
launch_simulation
source Top_tb.tcl
restart
run 25800 ns
restart
run 25800 ns
run 600 ns
run 600 ns
restart
run 26600 ns
close_sim
launch_simulation
source Top_tb.tcl
restart
run 26600 ns
close_sim
launch_simulation
source Top_tb.tcl
restart
run 26600 ns
restart
run 26600 ns
close_sim
launch_simulation
source Top_tb.tcl
restart
run 26600 ns
close_sim
launch_simulation
source Top_tb.tcl
run 26600 ns
close_sim
launch_simulation
source Top_tb.tcl
restart
run 26600 ns
run 100 ns
run 100 ns
run 100 ns
restart
run 26900 ns
update_compile_order -fileset sources_1
update_compile_order -fileset sources_1
close_sim
update_compile_order -fileset sources_1
update_compile_order -fileset sources_1
update_compile_order -fileset sources_1
